building: PASS
data/fgc_05_01_01_00.dzn: PASS
data/fgc_05_05_05_00.dzn: PASS
data/fgc_06_07_20_00.dzn: PASS
data/fgc_01_01_01_00.dzn: PASS
